Last login: Wed Dec 25 13:37:25 on console
polymorvic@Wiktors-MacBook-Pro ~ % git
usage: git [-v | --version] [-h | --help] [-C <path>] [-c <name>=<value>]
           [--exec-path[=<path>]] [--html-path] [--man-path] [--info-path]
           [-p | --paginate | -P | --no-pager] [--no-replace-objects] [--no-lazy-fetch]
           [--no-optional-locks] [--no-advice] [--bare] [--git-dir=<path>]
           [--work-tree=<path>] [--namespace=<name>] [--config-env=<name>=<envvar>]
           <command> [<args>]

These are common Git commands used in various situations:

start a working area (see also: git help tutorial)
   clone     Clone a repository into a new directory
   init      Create an empty Git repository or reinitialize an existing one

work on the current change (see also: git help everyday)
   add       Add file contents to the index
   mv        Move or rename a file, a directory, or a symlink
   restore   Restore working tree files
   rm        Remove files from the working tree and from the index

examine the history and state (see also: git help revisions)
   bisect    Use binary search to find the commit that introduced a bug
   diff      Show changes between commits, commit and working tree, etc
   grep      Print lines matching a pattern
   log       Show commit logs
   show      Show various types of objects
   status    Show the working tree status

grow, mark and tweak your common history
   branch    List, create, or delete branches
   commit    Record changes to the repository
   merge     Join two or more development histories together
   rebase    Reapply commits on top of another base tip
   reset     Reset current HEAD to the specified state
   switch    Switch branches
   tag       Create, list, delete or verify a tag object signed with GPG

collaborate (see also: git help workflows)
   fetch     Download objects and refs from another repository
   pull      Fetch from and integrate with another repository or a local branch
   push      Update remote refs along with associated objects

'git help -a' and 'git help -g' list available subcommands and some
concept guides. See 'git help <command>' or 'git help <concept>'
to read about a specific subcommand or concept.
See 'git help git' for an overview of the system.
polymorvic@Wiktors-MacBook-Pro ~ % git config --list
credential.helper=osxkeychain
usern.name=polymorvic
usern.email=polymorphic.bite@gmail.com
polymorvic@Wiktors-MacBook-Pro ~ % ls
Desktop		Library		Pictures	development
Documents	Movies		Postman		python_podstawy
Downloads	Music		Public
polymorvic@Wiktors-MacBook-Pro ~ % mkdir git_test
polymorvic@Wiktors-MacBook-Pro ~ % cd git_test 
polymorvic@Wiktors-MacBook-Pro git_test % git clone git@github.com:polymorvic/test.git
Cloning into 'test'...
Enter passphrase for key '/Users/polymorvic/.ssh/id_ed25519': 
Enter passphrase for key '/Users/polymorvic/.ssh/id_ed25519': 
Enter passphrase for key '/Users/polymorvic/.ssh/id_ed25519': 
git@github.com: Permission denied (publickey).
fatal: Could not read from remote repository.

Please make sure you have the correct access rights
and the repository exists.
polymorvic@Wiktors-MacBook-Pro git_test % cd \
> q
cd: no such file or directory: q
polymorvic@Wiktors-MacBook-Pro git_test % cd /
polymorvic@Wiktors-MacBook-Pro / % ls 
Applications	Volumes		etc		sbin
Library		bin		home		tmp
System		cores		opt		usr
Users		dev		private		var
polymorvic@Wiktors-MacBook-Pro / % ls -a
.			System			home
..			Users			opt
.VolumeIcon.icns	Volumes			private
.file			bin			sbin
.vol			cores			tmp
Applications		dev			usr
Library			etc			var
polymorvic@Wiktors-MacBook-Pro / % cd ~
polymorvic@Wiktors-MacBook-Pro ~ % ls -a
.			.python_history		Library
..			.ssh			Movies
.CFUserTextEncoding	.vscode			Music
.DS_Store		.zsh_history		Pictures
.Trash			.zsh_sessions		Postman
.gitconfig		.zshrc			Public
.ipython		Desktop			development
.jupyter		Documents		git_test
.lesshst		Downloads		python_podstawy
polymorvic@Wiktors-MacBook-Pro ~ % cd .ssh  
polymorvic@Wiktors-MacBook-Pro .ssh % ls 
id_ed25519	id_ed25519.pub	known_hosts	known_hosts.old
polymorvic@Wiktors-MacBook-Pro .ssh % cd ~
polymorvic@Wiktors-MacBook-Pro ~ % ls
Desktop		Library		Pictures	development
Documents	Movies		Postman		git_test
Downloads	Music		Public		python_podstawy
polymorvic@Wiktors-MacBook-Pro ~ % cd git_test 
polymorvic@Wiktors-MacBook-Pro git_test % ls
polymorvic@Wiktors-MacBook-Pro git_test % git init
hint: Using 'master' as the name for the initial branch. This default branch name
hint: is subject to change. To configure the initial branch name to use in all
hint: of your new repositories, which will suppress this warning, call:
hint:
hint: 	git config --global init.defaultBranch <name>
hint:
hint: Names commonly chosen instead of 'master' are 'main', 'trunk' and
hint: 'development'. The just-created branch can be renamed via this command:
hint:
hint: 	git branch -m <name>
Initialized empty Git repository in /Users/polymorvic/git_test/.git/
polymorvic@Wiktors-MacBook-Pro git_test % ls -a
.	..	.git
polymorvic@Wiktors-MacBook-Pro git_test % git remote add origin git@github.com:polymorvic/test-1.git
polymorvic@Wiktors-MacBook-Pro git_test % git push origin master
error: src refspec master does not match any
error: failed to push some refs to 'github.com:polymorvic/test-1.git'
polymorvic@Wiktors-MacBook-Pro git_test % nano test.txt

  UW PICO 5.09                     File: test.txt                     Modified  

aaa
aaa
bbb
bbb
















^G Get Help  ^O WriteOut  ^R Read File ^Y Prev Pg   ^K Cut Text  ^C Cur Pos   
^X Exit      ^J Justify   ^W Where is  ^V Next Pg   ^U UnCut Text^T To Spell  
